// Jest Snapshot v1, https://goo.gl/fbAQLP

exports[`when providing custom handlers when an unhandled error occurs should return a internal server error 1`] = `"{\\"oops\\":\\"{}\\",\\"custom\\":true}"`;

exports[`when providing custom handlers when the payload is invalid should list every error 1`] = `
Object {
  "body": "{\\"error\\":[{\\"context\\":[{\\"key\\":\\"\\",\\"type\\":{\\"name\\":\\"{ queryStringParameters: { pageNumber: NumberFromString } }\\",\\"props\\":{\\"queryStringParameters\\":{\\"name\\":\\"{ pageNumber: NumberFromString }\\",\\"props\\":{\\"pageNumber\\":{\\"name\\":\\"NumberFromString\\"}},\\"_tag\\":\\"InterfaceType\\"}},\\"_tag\\":\\"InterfaceType\\"},\\"actual\\":{\\"headers\\":{},\\"multiValueHeaders\\":{},\\"pathParameters\\":{},\\"queryStringParameters\\":{\\"pageSize\\":\\"string\\"},\\"multiValueQueryStringParameters\\":{},\\"stageVariables\\":{},\\"body\\":false}},{\\"key\\":\\"queryStringParameters\\",\\"type\\":{\\"name\\":\\"{ pageNumber: NumberFromString }\\",\\"props\\":{\\"pageNumber\\":{\\"name\\":\\"NumberFromString\\"}},\\"_tag\\":\\"InterfaceType\\"},\\"actual\\":{\\"pageSize\\":\\"string\\"}},{\\"key\\":\\"pageNumber\\",\\"type\\":{\\"name\\":\\"NumberFromString\\"}}]}],\\"custom\\":true}",
  "statusCode": 400,
}
`;

exports[`when providing custom handlers when the payload is valid should succeed 1`] = `
Object {
  "body": "{\\"result\\":{\\"hello\\":\\"there\\",\\"params\\":{\\"pageNumber\\":4},\\"awsRequestId\\":\\"mock ID\\"},\\"custom\\":true}",
  "statusCode": 200,
}
`;

exports[`when using default options when exhaustively specifying all possible properties should be able to parse a full payload correctly 1`] = `
Object {
  "body": "{\\"requiredHeader\\":123,\\"optionalHeader\\":false,\\"requiredMVH\\":[\\"1970-01-01T00:00:00.000Z\\",\\"1970-01-01T00:01:40.000Z\\"],\\"optionalMVH\\":[\\"abc\\",null,\\"def\\",null,null],\\"requiredPathParamA\\":\\"string\\",\\"requiredPathParamB\\":\\"1970-01-01T00:16:39.999Z\\",\\"optionalPathParam\\":321.123,\\"requiredQueryStringA\\":\\"abc\\",\\"requiredQueryStringB\\":[1,2,3],\\"optionalQueryString\\":\\"123abc\\",\\"requiredMVQueryString\\":[true,false,true],\\"optionalMVQueryString\\":[{\\"a\\":true},false],\\"requiredStageVariable\\":\\"asdf\\",\\"optionalStageVariable\\":{\\"a\\":{\\"b\\":{\\"c\\":4}}},\\"body\\":{\\"some\\":\\"string\\"},\\"awsRequestId\\":\\"mock ID\\"}",
  "statusCode": 200,
}
`;

exports[`when using default options when providing extra parameters not defined in the codec should  not strip the extra parameters 1`] = `
Object {
  "body": "{\\"headers\\":{},\\"multiValueHeaders\\":{},\\"pathParameters\\":{\\"something\\":\\"true\\"},\\"queryStringParameters\\":{\\"pageNumber\\":4,\\"extraParameter\\":\\"hello\\"},\\"multiValueQueryStringParameters\\":{},\\"stageVariables\\":{},\\"body\\":null}",
  "statusCode": 200,
}
`;

exports[`when using default options when the codec definition has a body when an unhandled error occurs should return an internal server error 1`] = `"{\\"error\\":\\"Unhandled error: {}\\"}"`;

exports[`when using default options when the codec definition has a body when the payload is invalid should list every error 1`] = `
Object {
  "body": "{\\"error\\":\\"Invalid value \\\\\\"not-a-number\\\\\\" supplied to : { queryStringParameters: { pageSize: NumberFromString }, body: pipe(JSONFromString, { message: string }) }/queryStringParameters: { pageSize: NumberFromString }/pageSize: NumberFromString, Invalid value false supplied to : { queryStringParameters: { pageSize: NumberFromString }, body: pipe(JSONFromString, { message: string }) }/body: pipe(JSONFromString, { message: string })\\"}",
  "statusCode": 400,
}
`;

exports[`when using default options when the codec definition has a body when the payload is valid should succeed 1`] = `
Object {
  "body": "{\\"pageSize\\":6,\\"body\\":{\\"message\\":\\"hello\\"},\\"awsRequestId\\":\\"mock ID\\"}",
  "statusCode": 200,
}
`;

exports[`when using default options when the codec definition has optional parameters when the optional parameter is empty should succeed 1`] = `
Object {
  "body": "{\\"hello\\":\\"there\\",\\"params\\":{\\"pageNumber\\":4}}",
  "statusCode": 200,
}
`;

exports[`when using default options when the codec definition has optional parameters when the optional parameter is null should succeed 1`] = `
Object {
  "body": "{\\"hello\\":\\"there\\",\\"params\\":{\\"pageNumber\\":4}}",
  "statusCode": 200,
}
`;

exports[`when using default options when the codec definition has optional parameters when the optional parameter is supplied should succeed 1`] = `
Object {
  "body": "{\\"hello\\":\\"there\\",\\"params\\":{\\"pageNumber\\":4,\\"pageSize\\":9,\\"someHeader\\":6}}",
  "statusCode": 200,
}
`;

exports[`when using default options when the codec definition has optional parameters when the optional parameter isn't supplied should succeed 1`] = `
Object {
  "body": "{\\"hello\\":\\"there\\",\\"params\\":{\\"pageNumber\\":4}}",
  "statusCode": 200,
}
`;

exports[`when using strict mode when providing extra parameters not defined in the codec should strip the extra parameters 1`] = `
Object {
  "body": "{\\"params\\":{\\"queryStringParameters\\":{\\"pageNumber\\":4}},\\"context\\":{\\"callbackWaitsForEmptyEventLoop\\":false,\\"functionName\\":\\"mockFunction\\",\\"functionVersion\\":\\"2\\",\\"invokedFunctionArn\\":\\"arn:aws:lambda:ap-southeast-2:1234456776:function:\${FunctionName}\\",\\"memoryLimitInMB\\":\\"1024\\",\\"awsRequestId\\":\\"mock ID\\",\\"logGroupName\\":\\"group name\\",\\"logStreamName\\":\\"stream name\\",\\"identity\\":{\\"cognitoIdentityId\\":\\"mock-identity-id\\",\\"cognitoIdentityPoolId\\":\\"mock-identity-pool-id\\"},\\"clientContext\\":{\\"client\\":{\\"installationId\\":\\"string\\",\\"appTitle\\":\\"string\\",\\"appVersionName\\":\\"string\\",\\"appVersionCode\\":\\"string\\",\\"appPackageName\\":\\"string\\"},\\"Custom\\":\\"some custom\\",\\"env\\":{\\"platformVersion\\":\\"string\\",\\"platform\\":\\"string\\",\\"make\\":\\"string\\",\\"model\\":\\"string\\",\\"locale\\":\\"string\\"}}}}",
  "statusCode": 200,
}
`;

exports[`when using strict mode when providing the exact required input should succeed 1`] = `
Object {
  "body": "{\\"params\\":{\\"queryStringParameters\\":{\\"pageNumber\\":4}},\\"context\\":{\\"callbackWaitsForEmptyEventLoop\\":false,\\"functionName\\":\\"mockFunction\\",\\"functionVersion\\":\\"2\\",\\"invokedFunctionArn\\":\\"arn:aws:lambda:ap-southeast-2:1234456776:function:\${FunctionName}\\",\\"memoryLimitInMB\\":\\"1024\\",\\"awsRequestId\\":\\"mock ID\\",\\"logGroupName\\":\\"group name\\",\\"logStreamName\\":\\"stream name\\",\\"identity\\":{\\"cognitoIdentityId\\":\\"mock-identity-id\\",\\"cognitoIdentityPoolId\\":\\"mock-identity-pool-id\\"},\\"clientContext\\":{\\"client\\":{\\"installationId\\":\\"string\\",\\"appTitle\\":\\"string\\",\\"appVersionName\\":\\"string\\",\\"appVersionCode\\":\\"string\\",\\"appPackageName\\":\\"string\\"},\\"Custom\\":\\"some custom\\",\\"env\\":{\\"platformVersion\\":\\"string\\",\\"platform\\":\\"string\\",\\"make\\":\\"string\\",\\"model\\":\\"string\\",\\"locale\\":\\"string\\"}}}}",
  "statusCode": 200,
}
`;
